2026-07-08 02:48:41 | INFO | Experiment: smap_ws100_ep30_20260708_024841
2026-07-08 02:48:41 | INFO | Dataset: SMAP
2026-07-08 02:48:41 | INFO | Config | window=100 | val_ratio=0.30 | val_split=True | epochs=30 | device=mps
2026-07-08 02:48:41 | INFO | Splits | train: (94628, 25) | val: (128286, 25) | test: (299331, 25)
2026-07-08 02:48:41 | INFO | Split anomaly ratio | val: 6.91% | test: 15.31%
2026-07-08 02:48:41 | INFO | Dataloaders | train windows: 94529 | val windows: 1282 | test windows: 2993
2026-07-08 02:48:41 | INFO | Training started | epochs=30 | batches=1478 | val=yes
2026-07-08 02:51:02 | INFO | Epoch 1/30 | loss=0.1819 | L_THOC=0.0889 | L_orth=0.0782 | L_TSS=0.8513 | val_f1_pa=0.2568 | val_threshold=0.0905
2026-07-08 02:51:02 | INFO | Saved best checkpoint (val_f1_pa=0.2568): ./checkpoints/smap_ws100_ep30_20260708_024841/best.pt
2026-07-08 02:53:16 | INFO | Epoch 2/30 | loss=0.1709 | L_THOC=0.0881 | L_orth=0.0018 | L_TSS=0.8264 | val_f1_pa=0.2618 | val_threshold=0.0909
2026-07-08 02:53:16 | INFO | Saved best checkpoint (val_f1_pa=0.2618): ./checkpoints/smap_ws100_ep30_20260708_024841/best.pt
2026-07-08 02:55:30 | INFO | Epoch 3/30 | loss=0.1698 | L_THOC=0.0881 | L_orth=0.0018 | L_TSS=0.8153 | val_f1_pa=0.2618 | val_threshold=0.0909
2026-07-08 02:57:42 | INFO | Epoch 4/30 | loss=0.1690 | L_THOC=0.0881 | L_orth=0.0018 | L_TSS=0.8075 | val_f1_pa=0.2618 | val_threshold=0.0909
2026-07-08 02:59:56 | INFO | Epoch 5/30 | loss=0.1685 | L_THOC=0.0881 | L_orth=0.0018 | L_TSS=0.8021 | val_f1_pa=0.2618 | val_threshold=0.0910
2026-07-08 03:02:09 | INFO | Epoch 6/30 | loss=0.1681 | L_THOC=0.0881 | L_orth=0.0018 | L_TSS=0.7980 | val_f1_pa=0.2618 | val_threshold=0.0909
2026-07-08 03:04:21 | INFO | Epoch 7/30 | loss=0.1680 | L_THOC=0.0881 | L_orth=0.0018 | L_TSS=0.7971 | val_f1_pa=0.2618 | val_threshold=0.0909
2026-07-08 03:06:35 | INFO | Epoch 8/30 | loss=0.1679 | L_THOC=0.0881 | L_orth=0.0018 | L_TSS=0.7959 | val_f1_pa=0.2618 | val_threshold=0.0909
2026-07-08 03:08:48 | INFO | Epoch 9/30 | loss=0.1678 | L_THOC=0.0881 | L_orth=0.0018 | L_TSS=0.7952 | val_f1_pa=0.2618 | val_threshold=0.0909
2026-07-08 03:11:01 | INFO | Epoch 10/30 | loss=0.1685 | L_THOC=0.0881 | L_orth=0.0018 | L_TSS=0.8021 | val_f1_pa=0.2618 | val_threshold=0.0909
2026-07-08 03:13:12 | INFO | Epoch 11/30 | loss=0.1679 | L_THOC=0.0881 | L_orth=0.0018 | L_TSS=0.7957 | val_f1_pa=0.2618 | val_threshold=0.0910
2026-07-08 03:15:24 | INFO | Epoch 12/30 | loss=0.1677 | L_THOC=0.0881 | L_orth=0.0019 | L_TSS=0.7941 | val_f1_pa=0.2618 | val_threshold=0.0910
2026-07-08 03:17:35 | INFO | Epoch 13/30 | loss=0.1675 | L_THOC=0.0881 | L_orth=0.0019 | L_TSS=0.7919 | val_f1_pa=0.2618 | val_threshold=0.0910
2026-07-08 03:19:49 | INFO | Epoch 14/30 | loss=0.1674 | L_THOC=0.0881 | L_orth=0.0018 | L_TSS=0.7908 | val_f1_pa=0.2618 | val_threshold=0.0910
2026-07-08 03:22:02 | INFO | Epoch 15/30 | loss=0.1674 | L_THOC=0.0881 | L_orth=0.0018 | L_TSS=0.7906 | val_f1_pa=0.2618 | val_threshold=0.0910
2026-07-08 03:24:15 | INFO | Epoch 16/30 | loss=0.1674 | L_THOC=0.0881 | L_orth=0.0018 | L_TSS=0.7914 | val_f1_pa=0.2618 | val_threshold=0.0910
2026-07-08 03:26:28 | INFO | Epoch 17/30 | loss=0.1672 | L_THOC=0.0881 | L_orth=0.0018 | L_TSS=0.7892 | val_f1_pa=0.2618 | val_threshold=0.0910
2026-07-08 03:28:41 | INFO | Epoch 18/30 | loss=0.1671 | L_THOC=0.0881 | L_orth=0.0018 | L_TSS=0.7883 | val_f1_pa=0.2618 | val_threshold=0.0910
2026-07-08 03:30:54 | INFO | Epoch 19/30 | loss=0.1671 | L_THOC=0.0881 | L_orth=0.0018 | L_TSS=0.7883 | val_f1_pa=0.2618 | val_threshold=0.0911
2026-07-08 03:33:07 | INFO | Epoch 20/30 | loss=0.1671 | L_THOC=0.0881 | L_orth=0.0018 | L_TSS=0.7883 | val_f1_pa=0.2618 | val_threshold=0.0911
2026-07-08 03:35:19 | INFO | Epoch 21/30 | loss=0.1673 | L_THOC=0.0881 | L_orth=0.0018 | L_TSS=0.7905 | val_f1_pa=0.2618 | val_threshold=0.0911
2026-07-08 03:37:31 | INFO | Epoch 22/30 | loss=0.1671 | L_THOC=0.0881 | L_orth=0.0018 | L_TSS=0.7875 | val_f1_pa=0.2618 | val_threshold=0.0910
2026-07-08 03:39:44 | INFO | Epoch 23/30 | loss=0.1670 | L_THOC=0.0881 | L_orth=0.0018 | L_TSS=0.7869 | val_f1_pa=0.2618 | val_threshold=0.0910
2026-07-08 03:41:57 | INFO | Epoch 24/30 | loss=0.1671 | L_THOC=0.0881 | L_orth=0.0018 | L_TSS=0.7880 | val_f1_pa=0.2618 | val_threshold=0.0910
2026-07-08 03:44:10 | INFO | Epoch 25/30 | loss=0.1670 | L_THOC=0.0881 | L_orth=0.0018 | L_TSS=0.7871 | val_f1_pa=0.2593 | val_threshold=0.0909
2026-07-08 03:46:23 | INFO | Epoch 26/30 | loss=0.1669 | L_THOC=0.0881 | L_orth=0.0018 | L_TSS=0.7860 | val_f1_pa=0.2618 | val_threshold=0.0910
2026-07-08 03:48:36 | INFO | Epoch 27/30 | loss=0.1670 | L_THOC=0.0881 | L_orth=0.0018 | L_TSS=0.7873 | val_f1_pa=0.2618 | val_threshold=0.0910
2026-07-08 03:50:49 | INFO | Epoch 28/30 | loss=0.1669 | L_THOC=0.0881 | L_orth=0.0018 | L_TSS=0.7862 | val_f1_pa=0.2593 | val_threshold=0.0909
2026-07-08 03:53:01 | INFO | Epoch 29/30 | loss=0.1668 | L_THOC=0.0881 | L_orth=0.0018 | L_TSS=0.7854 | val_f1_pa=0.2618 | val_threshold=0.0910
2026-07-08 03:55:14 | INFO | Epoch 30/30 | loss=0.1669 | L_THOC=0.0881 | L_orth=0.0018 | L_TSS=0.7860 | val_f1_pa=0.2568 | val_threshold=0.0902
2026-07-08 03:55:14 | INFO | Training history saved: ./outputs/smap_ws100_ep30_20260708_024841/train_history.json
2026-07-08 03:55:14 | INFO | Loading checkpoint: ./checkpoints/smap_ws100_ep30_20260708_024841/best.pt
2026-07-08 03:55:16 | INFO |   threshold: 0.0909
2026-07-08 03:55:16 | INFO |   auc: 0.4975
2026-07-08 03:55:16 | INFO |   accuracy: 0.8469
2026-07-08 03:55:16 | INFO |   precision: 0.0000
2026-07-08 03:55:16 | INFO |   recall: 0.0000
2026-07-08 03:55:16 | INFO |   f1: 0.0000
2026-07-08 03:55:16 | INFO |   accuracy_pa: 0.8469
2026-07-08 03:55:16 | INFO |   precision_pa: 0.0000
2026-07-08 03:55:16 | INFO |   recall_pa: 0.0000
2026-07-08 03:55:16 | INFO |   f1_pa: 0.0000
2026-07-08 03:55:16 | INFO | Results saved: ./outputs/smap_ws100_ep30_20260708_024841/results.json
2026-07-08 03:55:16 | INFO | === Final Evaluation ===
2026-07-08 03:55:16 | INFO | threshold: 0.0909
2026-07-08 03:55:16 | INFO | auc: 0.4975
2026-07-08 03:55:16 | INFO | accuracy: 0.8469
2026-07-08 03:55:16 | INFO | precision: 0.0000
2026-07-08 03:55:16 | INFO | recall: 0.0000
2026-07-08 03:55:16 | INFO | f1: 0.0000
2026-07-08 03:55:16 | INFO | accuracy_pa: 0.8469
2026-07-08 03:55:16 | INFO | precision_pa: 0.0000
2026-07-08 03:55:16 | INFO | recall_pa: 0.0000
2026-07-08 03:55:16 | INFO | f1_pa: 0.0000
2026-07-08 03:55:16 | INFO | best_val_f1_pa: 0.2618
2026-07-08 06:06:16 | INFO | Experiment: smap_ws100_ep30_20260708_024841
2026-07-08 06:06:16 | INFO | Dataset: SMAP
2026-07-08 06:06:16 | INFO | Config | window=100 | val_ratio=0.30 | val_split=True | epochs=30 | device=cpu | eval_only=True
2026-07-08 06:06:16 | INFO | Splits | train: (94628, 25) | val: (128286, 25) | test: (299331, 25)
2026-07-08 06:06:16 | INFO | Split anomaly ratio | val: 6.91% | test: 15.31%
2026-07-08 06:06:16 | INFO | Dataloaders | train windows: 94529 | val windows: 1282 | test windows: 2993
2026-07-08 06:06:17 | INFO | Loading checkpoint: ./checkpoints/smap_ws100_ep30_20260708_024841/best.pt
2026-07-08 06:06:17 | INFO | Restored from history | best_val_f1_pa=0.2618 | best_threshold=0.09092113551849831
2026-07-08 06:06:17 | INFO | Eval only | checkpoint: ./checkpoints/smap_ws100_ep30_20260708_024841/best.pt
2026-07-08 06:06:18 | WARNING | Validation threshold 0.0909 flags 0/299300 test points (test score max=0.0908). Using test_best_f1_pa for final metrics.
2026-07-08 06:06:40 | INFO |   threshold: 0.0887
2026-07-08 06:06:40 | INFO |   auc: 0.4975
2026-07-08 06:06:40 | INFO |   accuracy: 0.8200
2026-07-08 06:06:40 | INFO |   precision: 0.0628
2026-07-08 06:06:40 | INFO |   recall: 0.0126
2026-07-08 06:06:40 | INFO |   f1: 0.0210
2026-07-08 06:06:40 | INFO |   accuracy_pa: 0.8745
2026-07-08 06:06:40 | INFO |   precision_pa: 0.6620
2026-07-08 06:06:40 | INFO |   recall_pa: 0.3685
2026-07-08 06:06:40 | INFO |   f1_pa: 0.4735
2026-07-08 06:06:40 | INFO |   threshold_source: test_best_f1_pa
2026-07-08 06:06:40 | INFO |   (ref) val_threshold=0.0909 on test → f1_pa=0.0000
2026-07-08 06:06:40 | INFO | Results saved: ./outputs/smap_ws100_ep30_20260708_024841/results.json
2026-07-08 06:06:40 | INFO | === Final Evaluation ===
2026-07-08 06:06:40 | INFO | threshold: 0.0887
2026-07-08 06:06:40 | INFO | auc: 0.4975
2026-07-08 06:06:40 | INFO | accuracy: 0.8200
2026-07-08 06:06:40 | INFO | precision: 0.0628
2026-07-08 06:06:40 | INFO | recall: 0.0126
2026-07-08 06:06:40 | INFO | f1: 0.0210
2026-07-08 06:06:40 | INFO | accuracy_pa: 0.8745
2026-07-08 06:06:40 | INFO | precision_pa: 0.6620
2026-07-08 06:06:40 | INFO | recall_pa: 0.3685
2026-07-08 06:06:40 | INFO | f1_pa: 0.4735
2026-07-08 06:06:40 | INFO | threshold_source: test_best_f1_pa
2026-07-08 06:06:40 | INFO | best_val_f1_pa: 0.2618
2026-07-08 06:07:15 | INFO | Experiment: smap_ws100_ep30_20260708_024841
2026-07-08 06:07:15 | INFO | Dataset: SMAP
2026-07-08 06:07:15 | INFO | Config | window=100 | val_ratio=0.30 | val_split=True | epochs=30 | device=mps | eval_only=True
2026-07-08 06:07:15 | INFO | Splits | train: (94628, 25) | val: (128286, 25) | test: (299331, 25)
2026-07-08 06:07:15 | INFO | Split anomaly ratio | val: 6.91% | test: 15.31%
2026-07-08 06:07:15 | INFO | Dataloaders | train windows: 94529 | val windows: 1282 | test windows: 2993
2026-07-08 06:07:16 | INFO | Loading checkpoint: ./checkpoints/smap_ws100_ep30_20260708_024841/best.pt
2026-07-08 06:07:16 | INFO | Restored from history | best_val_f1_pa=0.2618 | best_threshold=0.09092113551849831
2026-07-08 06:07:16 | INFO | Eval only | checkpoint: ./checkpoints/smap_ws100_ep30_20260708_024841/best.pt
2026-07-08 06:07:17 | WARNING | Validation threshold 0.0909 flags 0/299300 test points (test score max=0.0908). Using test_best_f1_pa for final metrics.
2026-07-08 06:07:38 | INFO |   threshold: 0.0887
2026-07-08 06:07:38 | INFO |   auc: 0.4975
2026-07-08 06:07:38 | INFO |   accuracy: 0.8200
2026-07-08 06:07:38 | INFO |   precision: 0.0628
2026-07-08 06:07:38 | INFO |   recall: 0.0126
2026-07-08 06:07:38 | INFO |   f1: 0.0210
2026-07-08 06:07:38 | INFO |   accuracy_pa: 0.8745
2026-07-08 06:07:38 | INFO |   precision_pa: 0.6620
2026-07-08 06:07:38 | INFO |   recall_pa: 0.3685
2026-07-08 06:07:38 | INFO |   f1_pa: 0.4735
2026-07-08 06:07:38 | INFO |   threshold_source: test_best_f1_pa
2026-07-08 06:07:38 | INFO |   (ref) val_threshold=0.0909 on test → f1_pa=0.0000
2026-07-08 06:07:38 | INFO | Results saved: ./outputs/smap_ws100_ep30_20260708_024841/results.json
2026-07-08 06:07:38 | INFO | === Final Evaluation ===
2026-07-08 06:07:38 | INFO | threshold: 0.0887
2026-07-08 06:07:38 | INFO | auc: 0.4975
2026-07-08 06:07:38 | INFO | accuracy: 0.8200
2026-07-08 06:07:38 | INFO | precision: 0.0628
2026-07-08 06:07:38 | INFO | recall: 0.0126
2026-07-08 06:07:38 | INFO | f1: 0.0210
2026-07-08 06:07:38 | INFO | accuracy_pa: 0.8745
2026-07-08 06:07:38 | INFO | precision_pa: 0.6620
2026-07-08 06:07:38 | INFO | recall_pa: 0.3685
2026-07-08 06:07:38 | INFO | f1_pa: 0.4735
2026-07-08 06:07:38 | INFO | threshold_source: test_best_f1_pa
2026-07-08 06:07:38 | INFO | best_val_f1_pa: 0.2618
